// Jest Snapshot v1, https://goo.gl/fbAQLP

exports[`Home renders correctly 1`] = `
<div>
  <div
    class="home"
  >
    <h2>
      Welcome to our page!
    </h2>
    <p>
      <span>
        Lorem ipsum dolor sit amet consectetur adipisicing elit. Odit animi culpa  
      </span>
      <span>
         nemo, distinctio magni autem reiciendis odio id nihil, voluptatibus recusandae  
      </span>
    </p>
    <p>
      <span>
         Lorem ipsum dolor sit amet consectetur, adipisicing elit. Facilis nesciunt
      </span>
      <span>
         Lorem ipsum dolor sit amet consectetur, adipisicing elit. Facilis nesciunt
      </span>
      <span>
         Lorem ipsum dolor sit amet consectetur, adipisicing elit. Facilis nesciunt
      </span>
    </p>
  </div>
</div>
`;
